// Jest Snapshot v1, https://goo.gl/fbAQLP

exports[`Map is rendered correctly Map is rendered correctly 1`] = `
<div
  id="map"
/>
`;
