// Jest Snapshot v1, https://goo.gl/fbAQLP

exports[`FavoritesCitiesList is rendered correctly 1`] = `
<ul
  className="favorites__list"
>
  <li
    className="favorites__locations-items"
  >
    <div
      className="favorites__locations locations locations--current"
    >
      <div
        className="locations__item"
      >
        <a
          className="locations__item-link"
          href="#"
        >
          <span>
            Amsterdam
          </span>
        </a>
      </div>
    </div>
    <div
      className="favorites__places"
    >
      <article
        className="place-card favorites__place-card"
        onMouseOut={[Function]}
        onMouseOver={[Function]}
      >
        <div
          className="favorites__image-wrapper place-card__image-wrapper"
        >
          <a
            href="/offer/1"
            onClick={[Function]}
          >
            <img
              alt="Place image"
              className="place-card__image"
              height="110"
              src="url"
              width="150"
            />
          </a>
        </div>
        <div
          className="favorites__card-info place-card__info"
        >
          <div
            className="place-card__price-wrapper"
          >
            <div
              className="place-card__price"
            >
              <b
                className="place-card__price-value"
              >
                €
                298
              </b>
              <span
                className="place-card__price-text"
              >
                / night
              </span>
            </div>
            <button
              className="place-card__bookmark-button button place-card__bookmark-button--active"
              onClick={[Function]}
              type="button"
            >
              <svg
                className="place-card__bookmark-icon"
                height="19"
                width="18"
              >
                <use
                  xlinkHref="#icon-bookmark"
                />
              </svg>
              <span
                className="visually-hidden"
              >
                To bookmarks
              </span>
            </button>
          </div>
          <div
            className="place-card__rating rating"
          >
            <div
              className="place-card__stars rating__stars"
            >
              <span
                style={
                  Object {
                    "width": "94%",
                  }
                }
              />
              <span
                className="visually-hidden"
              >
                Rating
              </span>
            </div>
          </div>
          <h2
            className="place-card__name"
          >
            <a
              href="/offer/1"
              onClick={[Function]}
            >
              Canal View Prinsengracht
            </a>
          </h2>
          <p
            className="place-card__type"
          >
            Room
          </p>
        </div>
      </article>
      <article
        className="place-card favorites__place-card"
        onMouseOut={[Function]}
        onMouseOver={[Function]}
      >
        <div
          className="favorites__image-wrapper place-card__image-wrapper"
        >
          <a
            href="/offer/2"
            onClick={[Function]}
          >
            <img
              alt="Place image"
              className="place-card__image"
              height="110"
              src="url"
              width="150"
            />
          </a>
        </div>
        <div
          className="favorites__card-info place-card__info"
        >
          <div
            className="place-card__price-wrapper"
          >
            <div
              className="place-card__price"
            >
              <b
                className="place-card__price-value"
              >
                €
                298
              </b>
              <span
                className="place-card__price-text"
              >
                / night
              </span>
            </div>
            <button
              className="place-card__bookmark-button button place-card__bookmark-button--active"
              onClick={[Function]}
              type="button"
            >
              <svg
                className="place-card__bookmark-icon"
                height="19"
                width="18"
              >
                <use
                  xlinkHref="#icon-bookmark"
                />
              </svg>
              <span
                className="visually-hidden"
              >
                To bookmarks
              </span>
            </button>
          </div>
          <div
            className="place-card__rating rating"
          >
            <div
              className="place-card__stars rating__stars"
            >
              <span
                style={
                  Object {
                    "width": "94%",
                  }
                }
              />
              <span
                className="visually-hidden"
              >
                Rating
              </span>
            </div>
          </div>
          <h2
            className="place-card__name"
          >
            <a
              href="/offer/2"
              onClick={[Function]}
            >
              Canal View Prinsengracht
            </a>
          </h2>
          <p
            className="place-card__type"
          >
            Room
          </p>
        </div>
      </article>
      <article
        className="place-card favorites__place-card"
        onMouseOut={[Function]}
        onMouseOver={[Function]}
      >
        <div
          className="favorites__image-wrapper place-card__image-wrapper"
        >
          <a
            href="/offer/3"
            onClick={[Function]}
          >
            <img
              alt="Place image"
              className="place-card__image"
              height="110"
              src="url"
              width="150"
            />
          </a>
        </div>
        <div
          className="favorites__card-info place-card__info"
        >
          <div
            className="place-card__price-wrapper"
          >
            <div
              className="place-card__price"
            >
              <b
                className="place-card__price-value"
              >
                €
                298
              </b>
              <span
                className="place-card__price-text"
              >
                / night
              </span>
            </div>
            <button
              className="place-card__bookmark-button button place-card__bookmark-button--active"
              onClick={[Function]}
              type="button"
            >
              <svg
                className="place-card__bookmark-icon"
                height="19"
                width="18"
              >
                <use
                  xlinkHref="#icon-bookmark"
                />
              </svg>
              <span
                className="visually-hidden"
              >
                To bookmarks
              </span>
            </button>
          </div>
          <div
            className="place-card__rating rating"
          >
            <div
              className="place-card__stars rating__stars"
            >
              <span
                style={
                  Object {
                    "width": "94%",
                  }
                }
              />
              <span
                className="visually-hidden"
              >
                Rating
              </span>
            </div>
          </div>
          <h2
            className="place-card__name"
          >
            <a
              href="/offer/3"
              onClick={[Function]}
            >
              Canal View Prinsengracht
            </a>
          </h2>
          <p
            className="place-card__type"
          >
            Room
          </p>
        </div>
      </article>
    </div>
  </li>
  <li
    className="favorites__locations-items"
  >
    <div
      className="favorites__locations locations "
    >
      <div
        className="locations__item"
      >
        <a
          className="locations__item-link"
          href="#"
        >
          <span>
            Paris
          </span>
        </a>
      </div>
    </div>
    <div
      className="favorites__places"
    />
  </li>
</ul>
`;
