// Jest Snapshot v1, https://goo.gl/fbAQLP

exports[`RoomProperty is rendered correctly 1`] = `
<main
  className="page__main page__main--property"
>
  <section
    className="property"
  >
    <div
      className="property__gallery-container container"
    >
      <div
        className="property__gallery"
      >
        <div
          className="property__image-wrapper"
        >
          <img
            alt="Photo studio"
            className="property__image"
            src="url1"
          />
        </div>
        <div
          className="property__image-wrapper"
        >
          <img
            alt="Photo studio"
            className="property__image"
            src="url2"
          />
        </div>
      </div>
    </div>
    <div
      className="property__container container"
    >
      <div
        className="property__wrapper"
      >
        <div
          className="property__name-wrapper"
        >
          <h1
            className="property__name"
          >
            Canal View Prinsengracht
          </h1>
          <button
            className="property__bookmark-button property__bookmark-button--active button"
            onClick={[Function]}
            type="button"
          >
            <svg
              className="property__bookmark-icon"
              height="33"
              width="31"
            >
              <use
                xlinkHref="#icon-bookmark"
              />
            </svg>
            <span
              className="visually-hidden"
            >
              To bookmarks
            </span>
          </button>
        </div>
        <div
          className="property__rating rating"
        >
          <div
            className="property__stars rating__stars"
          >
            <span
              style={
                Object {
                  "width": "94%",
                }
              }
            />
            <span
              className="visually-hidden"
            >
              Rating
            </span>
          </div>
          <span
            className="property__rating-value rating__value"
          >
            4.7
          </span>
        </div>
        <ul
          className="property__features"
        >
          <li
            className="property__feature property__feature--entire"
          >
            Room
          </li>
          <li
            className="property__feature property__feature--bedrooms"
          >
            1 Bedrooms
          </li>
          <li
            className="property__feature property__feature--adults"
          >
            Max 3 adults
          </li>
        </ul>
        <div
          className="property__price"
        >
          <b
            className="property__price-value"
          >
            €
            298
          </b>
          <span
            className="property__price-text"
          >
             night
          </span>
        </div>
        <div
          className="property__inside"
        >
          <h2
            className="property__inside-title"
          >
            What's inside
          </h2>
          <ul
            className="property__inside-list"
          >
            <li
              className="property__inside-item"
            >
              Laptop friendly workspace
            </li>
            <li
              className="property__inside-item"
            >
              Breakfast
            </li>
            <li
              className="property__inside-item"
            >
              Washer
            </li>
          </ul>
        </div>
        <div
          className="property__host"
        >
          <h2
            className="property__host-title"
          >
            Meet the host
          </h2>
          <div
            className="property__host-user user"
          >
            <div
              className="property__avatar-wrapper user__avatar-wrapper property__avatar-wrapper--pro"
            >
              <img
                alt="Host avatar"
                className="property__avatar user__avatar"
                height="74"
                src="/img/avatar-angelina.jpg"
                width="74"
              />
            </div>
            <span
              className="property__user-name"
            >
              Angelina
            </span>
            <span
              className="property__user-status"
            >
              Pro
            </span>
          </div>
          <div
            className="property__description"
          >
            <p
              className="property__text"
            >
              Description
            </p>
          </div>
        </div>
        <section
          className="property__reviews reviews"
        >
          <h2
            className="reviews__title"
          >
            Reviews ·
            <span
              className="reviews__amount"
            >
              2
            </span>
          </h2>
          <ul
            className="reviews__list"
          >
            <li
              className="reviews__item"
            >
              <div
                className="reviews__user user"
              >
                <div
                  className="reviews__avatar-wrapper user__avatar-wrapper"
                >
                  <img
                    alt="Reviews avatar"
                    className="reviews__avatar user__avatar"
                    height="54"
                    src="https://assets.htmlacademy.ru/intensives/javascript-3/avatar/4.jpg"
                    width="54"
                  />
                </div>
                <span
                  className="reviews__user-name"
                >
                  Zak
                </span>
              </div>
              <div
                className="reviews__info"
              >
                <div
                  className="reviews__rating rating"
                >
                  <div
                    className="reviews__stars rating__stars"
                  >
                    <span
                      style={
                        Object {
                          "width": "60%",
                        }
                      }
                    />
                    <span
                      className="visually-hidden"
                    >
                      Rating
                    </span>
                  </div>
                </div>
                <p
                  className="reviews__text"
                >
                  Comment
                </p>
                <time
                  className="reviews__time"
                  dateTime="2020-10-30"
                >
                  October 2020
                </time>
              </div>
            </li>
            <li
              className="reviews__item"
            >
              <div
                className="reviews__user user"
              >
                <div
                  className="reviews__avatar-wrapper user__avatar-wrapper"
                >
                  <img
                    alt="Reviews avatar"
                    className="reviews__avatar user__avatar"
                    height="54"
                    src="https://assets.htmlacademy.ru/intensives/javascript-3/avatar/5.jpg"
                    width="54"
                  />
                </div>
                <span
                  className="reviews__user-name"
                >
                  Abc
                </span>
              </div>
              <div
                className="reviews__info"
              >
                <div
                  className="reviews__rating rating"
                >
                  <div
                    className="reviews__stars rating__stars"
                  >
                    <span
                      style={
                        Object {
                          "width": "100%",
                        }
                      }
                    />
                    <span
                      className="visually-hidden"
                    >
                      Rating
                    </span>
                  </div>
                </div>
                <p
                  className="reviews__text"
                >
                  Comment2
                </p>
                <time
                  className="reviews__time"
                  dateTime="2020-10-30"
                >
                  October 2020
                </time>
              </div>
            </li>
          </ul>
          <form
            action="#"
            className="reviews__form form"
            method="post"
            onSubmit={[Function]}
          >
            <label
              className="reviews__label form__label"
              htmlFor="review"
            >
              Your review
            </label>
            <div
              className="reviews__rating-form form__rating"
            >
              <input
                checked={false}
                className="form__rating-input visually-hidden"
                disabled=""
                id="5-stars"
                name="rating"
                onChange={[Function]}
                onFocus={[Function]}
                type="radio"
                value="5"
              />
              <label
                className="reviews__rating-label form__rating-label"
                htmlFor="5-stars"
                title="perfect"
              >
                <svg
                  className="form__star-image"
                  height="33"
                  width="37"
                >
                  <use
                    xlinkHref="#icon-star"
                  />
                </svg>
              </label>
              <input
                checked={false}
                className="form__rating-input visually-hidden"
                disabled=""
                id="4-stars"
                name="rating"
                onChange={[Function]}
                onFocus={[Function]}
                type="radio"
                value="4"
              />
              <label
                className="reviews__rating-label form__rating-label"
                htmlFor="4-stars"
                title="good"
              >
                <svg
                  className="form__star-image"
                  height="33"
                  width="37"
                >
                  <use
                    xlinkHref="#icon-star"
                  />
                </svg>
              </label>
              <input
                checked={false}
                className="form__rating-input visually-hidden"
                disabled=""
                id="3-stars"
                name="rating"
                onChange={[Function]}
                onFocus={[Function]}
                type="radio"
                value="3"
              />
              <label
                className="reviews__rating-label form__rating-label"
                htmlFor="3-stars"
                title="not bad"
              >
                <svg
                  className="form__star-image"
                  height="33"
                  width="37"
                >
                  <use
                    xlinkHref="#icon-star"
                  />
                </svg>
              </label>
              <input
                checked={false}
                className="form__rating-input visually-hidden"
                disabled=""
                id="2-stars"
                name="rating"
                onChange={[Function]}
                onFocus={[Function]}
                type="radio"
                value="2"
              />
              <label
                className="reviews__rating-label form__rating-label"
                htmlFor="2-stars"
                title="badly"
              >
                <svg
                  className="form__star-image"
                  height="33"
                  width="37"
                >
                  <use
                    xlinkHref="#icon-star"
                  />
                </svg>
              </label>
              <input
                checked={false}
                className="form__rating-input visually-hidden"
                disabled=""
                id="1-stars"
                name="rating"
                onChange={[Function]}
                onFocus={[Function]}
                type="radio"
                value="1"
              />
              <label
                className="reviews__rating-label form__rating-label"
                htmlFor="1-stars"
                title="terribly"
              >
                <svg
                  className="form__star-image"
                  height="33"
                  width="37"
                >
                  <use
                    xlinkHref="#icon-star"
                  />
                </svg>
              </label>
            </div>
            <textarea
              className="reviews__textarea form__textarea"
              disabled=""
              id="review"
              name="review"
              onChange={[Function]}
              onFocus={[Function]}
              placeholder="Tell how was your stay, what you like and what can be improved"
              value=""
            />
            <div
              className="reviews__button-wrapper"
            >
              <p
                className="reviews__help"
              >
                To submit review please make sure to set 
                <span
                  className="reviews__star"
                >
                  rating
                </span>
                 and describe your stay with at least 
                <b
                  className="reviews__text-amount"
                >
                  50
                   characters
                </b>
                .
              </p>
              <button
                className="reviews__submit form__submit button"
                disabled={true}
                type="submit"
              >
                Submit
              </button>
            </div>
          </form>
        </section>
      </div>
    </div>
    <section
      className="property__map map"
    >
      <div />
    </section>
  </section>
</main>
`;
