// Jest Snapshot v1, https://goo.gl/fbAQLP

exports[`ReviewsList is rendered correctly 1`] = `
<ul
  className="reviews__list"
>
  <li
    className="reviews__item"
  >
    <div
      className="reviews__user user"
    >
      <div
        className="reviews__avatar-wrapper user__avatar-wrapper"
      >
        <img
          alt="Reviews avatar"
          className="reviews__avatar user__avatar"
          height="54"
          src="https://assets.htmlacademy.ru/intensives/javascript-3/avatar/4.jpg"
          width="54"
        />
      </div>
      <span
        className="reviews__user-name"
      >
        Zak
      </span>
    </div>
    <div
      className="reviews__info"
    >
      <div
        className="reviews__rating rating"
      >
        <div
          className="reviews__stars rating__stars"
        >
          <span
            style={
              Object {
                "width": "60%",
              }
            }
          />
          <span
            className="visually-hidden"
          >
            Rating
          </span>
        </div>
      </div>
      <p
        className="reviews__text"
      >
        Comment
      </p>
      <time
        className="reviews__time"
        dateTime="2020-10-30"
      >
        October 2020
      </time>
    </div>
  </li>
  <li
    className="reviews__item"
  >
    <div
      className="reviews__user user"
    >
      <div
        className="reviews__avatar-wrapper user__avatar-wrapper"
      >
        <img
          alt="Reviews avatar"
          className="reviews__avatar user__avatar"
          height="54"
          src="https://assets.htmlacademy.ru/intensives/javascript-3/avatar/5.jpg"
          width="54"
        />
      </div>
      <span
        className="reviews__user-name"
      >
        Abc
      </span>
    </div>
    <div
      className="reviews__info"
    >
      <div
        className="reviews__rating rating"
      >
        <div
          className="reviews__stars rating__stars"
        >
          <span
            style={
              Object {
                "width": "100%",
              }
            }
          />
          <span
            className="visually-hidden"
          >
            Rating
          </span>
        </div>
      </div>
      <p
        className="reviews__text"
      >
        Comment2
      </p>
      <time
        className="reviews__time"
        dateTime="2020-10-30"
      >
        October 2020
      </time>
    </div>
  </li>
</ul>
`;
